[-29721587ms] [ERROR] Failed to load resource: net::ERR_CONNECTION_TIMED_OUT @ https://ssl.gstatic.com/ui/v1/icons/mail/images/cleardot.gif?zx=ymz59xcumzwf:0
[-29712071ms] [ERROR] Failed to load resource: net::ERR_CONNECTION_TIMED_OUT @ https://www.google.com/images/cleardot.gif?zx=lap64nmklb8z:0
[-29704771ms] [ERROR] Failed to load resource: net::ERR_CONNECTION_TIMED_OUT @ https://mail.google.com/sync/u/0/i/bv?hl=en-GB&c=108&rt=r&pt=ji:0
[-29704578ms] [ERROR] Failed to load resource: net::ERR_CONNECTION_TIMED_OUT @ https://ssl.gstatic.com/ui/v1/icons/mail/images/cleardot.gif?zx=tnazb6804qps:0
[-29689548ms] [ERROR] Failed to load resource: net::ERR_CONNECTION_TIMED_OUT @ https://ssl.gstatic.com/ui/v1/icons/mail/images/cleardot.gif?zx=pmjlf9yb43o3:0
[-29688756ms] [ERROR] Failed to load resource: net::ERR_CONNECTION_TIMED_OUT @ https://waa-pa.googleapis.com/$rpc/google.internal.waa.v1.Waa/Ping:0
[-29682683ms] [ERROR] Failed to load resource: net::ERR_CONNECTION_TIMED_OUT @ https://play.google.com/log?hasfast=true&auth=SAPISIDHASH+2c49bb6fa7d1451482fa4081b3e87fbec605b49c+SAPISID1PHASH+2c49bb6fa7d1451482fa4081b3e87fbec605b49c+SAPISID3PHASH+2c49bb6fa7d1451482fa4081b3e87fbec605b49c&authuser=0&format=json:0
[-29672556ms] [ERROR] Failed to load resource: net::ERR_CONNECTION_TIMED_OUT @ https://ssl.gstatic.com/ui/v1/icons/mail/images/cleardot.gif?zx=ylw2e8xp5gej:0
[-29657582ms] [ERROR] Failed to load resource: net::ERR_CONNECTION_TIMED_OUT @ https://ssl.gstatic.com/ui/v1/icons/mail/images/cleardot.gif?zx=u6irdir7sb1k:0
[-29642299ms] [ERROR] Failed to load resource: net::ERR_CONNECTION_TIMED_OUT @ https://mail.google.com/sync/u/0/i/s?hl=en-GB&c=109&rt=r&pt=ji:0
[-29640563ms] [ERROR] Failed to load resource: net::ERR_CONNECTION_TIMED_OUT @ https://ssl.gstatic.com/ui/v1/icons/mail/images/cleardot.gif?zx=vaj12keg9apg:0
[-29625563ms] [ERROR] Failed to load resource: net::ERR_CONNECTION_TIMED_OUT @ https://ssl.gstatic.com/ui/v1/icons/mail/images/cleardot.gif?zx=1c3y62txihuo:0
[-29608573ms] [ERROR] Failed to load resource: net::ERR_CONNECTION_TIMED_OUT @ https://ssl.gstatic.com/ui/v1/icons/mail/images/cleardot.gif?zx=18p6ortooaxq:0
[-29593567ms] [ERROR] Failed to load resource: net::ERR_CONNECTION_TIMED_OUT @ https://ssl.gstatic.com/ui/v1/icons/mail/images/cleardot.gif?zx=efalth9lweu4:0
[-29579872ms] [ERROR] Failed to load resource: net::ERR_CONNECTION_TIMED_OUT @ https://mail.google.com/sync/u/0/i/s?hl=en-GB&c=109&rt=r&pt=ji:0
[-29576566ms] [ERROR] Failed to load resource: net::ERR_CONNECTION_TIMED_OUT @ https://ssl.gstatic.com/ui/v1/icons/mail/images/cleardot.gif?zx=g2veocts7ccy:0
[-29561556ms] [ERROR] Failed to load resource: net::ERR_CONNECTION_TIMED_OUT @ https://ssl.gstatic.com/ui/v1/icons/mail/images/cleardot.gif?zx=el2h6b9a9aea:0
[-29544578ms] [ERROR] Failed to load resource: net::ERR_CONNECTION_TIMED_OUT @ https://ssl.gstatic.com/ui/v1/icons/mail/images/cleardot.gif?zx=e4qjv1igiyy3:0
[-29537790ms] [ERROR] Failed to load resource: net::ERR_CONNECTION_TIMED_OUT @ https://www.google.com/images/cleardot.gif?zx=ycc7wptr9gch:0
[-29529559ms] [ERROR] Failed to load resource: net::ERR_CONNECTION_TIMED_OUT @ https://ssl.gstatic.com/ui/v1/icons/mail/images/cleardot.gif?zx=44sab96e7b6v:0
[-29512544ms] [ERROR] Failed to load resource: net::ERR_CONNECTION_TIMED_OUT @ https://ssl.gstatic.com/ui/v1/icons/mail/images/cleardot.gif?zx=9u41akcajri:0
[-29497573ms] [ERROR] Failed to load resource: net::ERR_CONNECTION_TIMED_OUT @ https://ssl.gstatic.com/ui/v1/icons/mail/images/cleardot.gif?zx=924i6hne7e93:0
[-29480573ms] [ERROR] Failed to load resource: net::ERR_CONNECTION_TIMED_OUT @ https://ssl.gstatic.com/ui/v1/icons/mail/images/cleardot.gif?zx=f42ai153n0f9:0
[-29465560ms] [ERROR] Failed to load resource: net::ERR_CONNECTION_TIMED_OUT @ https://ssl.gstatic.com/ui/v1/icons/mail/images/cleardot.gif?zx=9lxdpep214ur:0
[-29454148ms] [ERROR] Failed to load resource: net::ERR_CONNECTION_TIMED_OUT @ https://mail.google.com/sync/u/0/i/s?hl=en-GB&c=109&rt=r&pt=ji:0
[-29448562ms] [ERROR] Failed to load resource: net::ERR_CONNECTION_TIMED_OUT @ https://ssl.gstatic.com/ui/v1/icons/mail/images/cleardot.gif?zx=achmjbd8vp0x:0
[-29433570ms] [ERROR] Failed to load resource: net::ERR_CONNECTION_TIMED_OUT @ https://ssl.gstatic.com/ui/v1/icons/mail/images/cleardot.gif?zx=jnrorku674r:0
[-29433101ms] [ERROR] Failed to load resource: net::ERR_CONNECTION_TIMED_OUT @ https://play.google.com/log?format=json&hasfast=true&authuser=0:0
[-29432854ms] [ERROR] Failed to load resource: net::ERR_CONNECTION_TIMED_OUT @ https://play.google.com/log?format=json&hasfast=true&authuser=0:0
[-29432501ms] [ERROR] Failed to load resource: net::ERR_CONNECTION_TIMED_OUT @ https://waa-pa.clients6.google.com/$rpc/google.internal.waa.v1.Waa/Ping:0
[-29416535ms] [ERROR] Failed to load resource: net::ERR_CONNECTION_TIMED_OUT @ https://ssl.gstatic.com/ui/v1/icons/mail/images/cleardot.gif?zx=g9irl285c9p7:0
[-29411174ms] [ERROR] Failed to load resource: net::ERR_CONNECTION_TIMED_OUT @ https://mail.google.com/sync/u/0/i/s?hl=en-GB&c=110&rt=r&pt=ji:0
[-29401547ms] [ERROR] Failed to load resource: net::ERR_CONNECTION_TIMED_OUT @ https://ssl.gstatic.com/ui/v1/icons/mail/images/cleardot.gif?zx=gpw64ok992db:0
[-29389798ms] [ERROR] Failed to load resource: net::ERR_CONNECTION_TIMED_OUT @ https://play.google.com/log?format=json&hasfast=true&authuser=0:0
[-29384582ms] [ERROR] Failed to load resource: net::ERR_CONNECTION_TIMED_OUT @ https://ssl.gstatic.com/ui/v1/icons/mail/images/cleardot.gif?zx=bjombb3tdgn5:0
[-29369555ms] [ERROR] Failed to load resource: net::ERR_CONNECTION_TIMED_OUT @ https://ssl.gstatic.com/ui/v1/icons/mail/images/cleardot.gif?zx=ivisf1iw7xgd:0
[-29369037ms] [ERROR] Failed to load resource: net::ERR_CONNECTION_TIMED_OUT @ https://www.google.com/images/cleardot.gif?zx=6dtehqw48qlc:0
[-29369019ms] [ERROR] Failed to load resource: net::ERR_CONNECTION_TIMED_OUT @ https://play.google.com/log?format=json&hasfast=true&authuser=0:0
[-29352585ms] [ERROR] Failed to load resource: net::ERR_CONNECTION_TIMED_OUT @ https://ssl.gstatic.com/ui/v1/icons/mail/images/cleardot.gif?zx=f9vonpcuvrho:0
[-29348737ms] [ERROR] Failed to load resource: net::ERR_CONNECTION_TIMED_OUT @ https://mail.google.com/sync/u/0/i/s?hl=en-GB&c=110&rt=r&pt=ji:0
[-29345793ms] [ERROR] Failed to load resource: net::ERR_CONNECTION_TIMED_OUT @ https://waa-pa.googleapis.com/$rpc/google.internal.waa.v1.Waa/Ping:0
[-29337564ms] [ERROR] Failed to load resource: net::ERR_CONNECTION_TIMED_OUT @ https://ssl.gstatic.com/ui/v1/icons/mail/images/cleardot.gif?zx=5w16s8sy7xyq:0
[-29326633ms] [ERROR] Failed to load resource: net::ERR_CONNECTION_TIMED_OUT @ https://play.google.com/log?hasfast=true&auth=SAPISIDHASH+2c49bb6fa7d1451482fa4081b3e87fbec605b49c+SAPISID1PHASH+2c49bb6fa7d1451482fa4081b3e87fbec605b49c+SAPISID3PHASH+2c49bb6fa7d1451482fa4081b3e87fbec605b49c&authuser=0&format=json:0
[-29320567ms] [ERROR] Failed to load resource: net::ERR_CONNECTION_TIMED_OUT @ https://ssl.gstatic.com/ui/v1/icons/mail/images/cleardot.gif?zx=j3owq4os32gb:0
[-29305591ms] [ERROR] Failed to load resource: net::ERR_CONNECTION_TIMED_OUT @ https://ssl.gstatic.com/ui/v1/icons/mail/images/cleardot.gif?zx=l3tuw65tzmo2:0
[-29288565ms] [ERROR] Failed to load resource: net::ERR_CONNECTION_TIMED_OUT @ https://ssl.gstatic.com/ui/v1/icons/mail/images/cleardot.gif?zx=7noprfyipyb7:0
[-29281198ms] [ERROR] Failed to load resource: net::ERR_CONNECTION_TIMED_OUT @ https://mail.google.com/mail/u/0/checkbuild?bl=gmail.pinto-server_20260804.03_p0:0
[-29280957ms] [ERROR] Failed to load resource: net::ERR_CONNECTION_TIMED_OUT @ https://mail.google.com/sync/u/0/i/s?hl=en-GB&c=110&rt=r&pt=ji:0
[-29273573ms] [ERROR] Failed to load resource: net::ERR_CONNECTION_TIMED_OUT @ https://ssl.gstatic.com/ui/v1/icons/mail/images/cleardot.gif?zx=u0vtm61aq2lh:0
[-29260137ms] [ERROR] Failed to load resource: net::ERR_CONNECTION_TIMED_OUT @ https://play.google.com/log?format=json&hasfast=true&authuser=0:0
[-29259877ms] [ERROR] Failed to load resource: net::ERR_CONNECTION_TIMED_OUT @ https://play.google.com/log?format=json&hasfast=true&authuser=0:0
[-29256572ms] [ERROR] Failed to load resource: net::ERR_CONNECTION_TIMED_OUT @ https://ssl.gstatic.com/ui/v1/icons/mail/images/cleardot.gif?zx=cqwag3n0huts:0
[-29241544ms] [ERROR] Failed to load resource: net::ERR_CONNECTION_TIMED_OUT @ https://ssl.gstatic.com/ui/v1/icons/mail/images/cleardot.gif?zx=501v0bvtzwqk:0
[-29224570ms] [ERROR] Failed to load resource: net::ERR_CONNECTION_TIMED_OUT @ https://ssl.gstatic.com/ui/v1/icons/mail/images/cleardot.gif?zx=jq811indvvu5:0
[-29209555ms] [ERROR] Failed to load resource: net::ERR_CONNECTION_TIMED_OUT @ https://ssl.gstatic.com/ui/v1/icons/mail/images/cleardot.gif?zx=qs3trqajqnhq:0
[-29192545ms] [ERROR] Failed to load resource: net::ERR_CONNECTION_TIMED_OUT @ https://ssl.gstatic.com/ui/v1/icons/mail/images/cleardot.gif?zx=2y9mj0owd1bv:0
[-29177570ms] [ERROR] Failed to load resource: net::ERR_CONNECTION_TIMED_OUT @ https://ssl.gstatic.com/ui/v1/icons/mail/images/cleardot.gif?zx=5syks5epkesy:0
[-29176388ms] [ERROR] Failed to load resource: net::ERR_CONNECTION_TIMED_OUT @ https://www.google.com/images/cleardot.gif?zx=buv3mha1hqwn:0
[-29160571ms] [ERROR] Failed to load resource: net::ERR_CONNECTION_TIMED_OUT @ https://ssl.gstatic.com/ui/v1/icons/mail/images/cleardot.gif?zx=i6v9q4jvd8d0:0
[-29145579ms] [ERROR] Failed to load resource: net::ERR_CONNECTION_TIMED_OUT @ https://ssl.gstatic.com/ui/v1/icons/mail/images/cleardot.gif?zx=zenccayth5gs:0
[-29128550ms] [ERROR] Failed to load resource: net::ERR_CONNECTION_TIMED_OUT @ https://ssl.gstatic.com/ui/v1/icons/mail/images/cleardot.gif?zx=nullri5nklu2:0
[-29126083ms] [ERROR] Failed to load resource: net::ERR_CONNECTION_TIMED_OUT @ https://addons-pa.clients6.google.com/$rpc/google.internal.apps.addons.v1.AddOnService/ListInstallations:0
[-29126082ms] [ERROR] Failed to load resource: net::ERR_CONNECTION_TIMED_OUT @ https://waa-pa.clients6.google.com/$rpc/google.internal.waa.v1.Waa/Ping:0
[-29113556ms] [ERROR] Failed to load resource: net::ERR_CONNECTION_TIMED_OUT @ https://ssl.gstatic.com/ui/v1/icons/mail/images/cleardot.gif?zx=wkpnzz3uqwri:0
[-29104762ms] [ERROR] Failed to load resource: net::ERR_CONNECTION_TIMED_OUT @ https://mail.google.com/sync/u/0/i/s?hl=en-GB&c=111&rt=r&pt=ji:0
[-29096565ms] [ERROR] Failed to load resource: net::ERR_CONNECTION_TIMED_OUT @ https://ssl.gstatic.com/ui/v1/icons/mail/images/cleardot.gif?zx=esnkex74vyaf:0
[-29083709ms] [ERROR] Failed to load resource: net::ERR_CONNECTION_TIMED_OUT @ https://play.google.com/log?format=json&hasfast=true&authuser=0:0
[-29083451ms] [ERROR] Failed to load resource: net::ERR_CONNECTION_TIMED_OUT @ https://play.google.com/log?format=json&hasfast=true&authuser=0:0
[-29081564ms] [ERROR] Failed to load resource: net::ERR_CONNECTION_TIMED_OUT @ https://ssl.gstatic.com/ui/v1/icons/mail/images/cleardot.gif?zx=nb1gr0psrh9x:0
[-29064587ms] [ERROR] Failed to load resource: net::ERR_CONNECTION_TIMED_OUT @ https://ssl.gstatic.com/ui/v1/icons/mail/images/cleardot.gif?zx=ifnkmn5mwh3g:0
[-29062672ms] [ERROR] Failed to load resource: net::ERR_CONNECTION_TIMED_OUT @ https://www.google.com/images/cleardot.gif?zx=30hpy9glrart:0
[-29049562ms] [ERROR] Failed to load resource: net::ERR_CONNECTION_TIMED_OUT @ https://ssl.gstatic.com/ui/v1/icons/mail/images/cleardot.gif?zx=td48ik6a0m8m:0
[-29042360ms] [ERROR] Failed to load resource: net::ERR_CONNECTION_TIMED_OUT @ https://mail.google.com/sync/u/0/i/s?hl=en-GB&c=111&rt=r&pt=ji:0
[-29039763ms] [ERROR] Failed to load resource: net::ERR_CONNECTION_TIMED_OUT @ https://waa-pa.googleapis.com/$rpc/google.internal.waa.v1.Waa/Ping:0
[-29032583ms] [ERROR] Failed to load resource: net::ERR_CONNECTION_TIMED_OUT @ https://ssl.gstatic.com/ui/v1/icons/mail/images/cleardot.gif?zx=92iszemhkdgb:0
[-29020255ms] [ERROR] Failed to load resource: net::ERR_CONNECTION_TIMED_OUT @ https://play.google.com/log?hasfast=true&auth=SAPISIDHASH+2c49bb6fa7d1451482fa4081b3e87fbec605b49c+SAPISID1PHASH+2c49bb6fa7d1451482fa4081b3e87fbec605b49c+SAPISID3PHASH+2c49bb6fa7d1451482fa4081b3e87fbec605b49c&authuser=0&format=json:0
[-29017561ms] [ERROR] Failed to load resource: net::ERR_CONNECTION_TIMED_OUT @ https://ssl.gstatic.com/ui/v1/icons/mail/images/cleardot.gif?zx=5e8vn23ksh83:0
[-29000569ms] [ERROR] Failed to load resource: net::ERR_CONNECTION_TIMED_OUT @ https://ssl.gstatic.com/ui/v1/icons/mail/images/cleardot.gif?zx=mzul0ocorgur:0
[-28985554ms] [ERROR] Failed to load resource: net::ERR_CONNECTION_TIMED_OUT @ https://ssl.gstatic.com/ui/v1/icons/mail/images/cleardot.gif?zx=m1w8sb76fdui:0
[-28968574ms] [ERROR] Failed to load resource: net::ERR_CONNECTION_TIMED_OUT @ https://ssl.gstatic.com/ui/v1/icons/mail/images/cleardot.gif?zx=p4m8wm7i4wsc:0
[-28953573ms] [ERROR] Failed to load resource: net::ERR_CONNECTION_TIMED_OUT @ https://ssl.gstatic.com/ui/v1/icons/mail/images/cleardot.gif?zx=cridxdxe9yv4:0
[-28936572ms] [ERROR] Failed to load resource: net::ERR_CONNECTION_TIMED_OUT @ https://ssl.gstatic.com/ui/v1/icons/mail/images/cleardot.gif?zx=w2y3vnxm5j24:0
[-28921551ms] [ERROR] Failed to load resource: net::ERR_CONNECTION_TIMED_OUT @ https://ssl.gstatic.com/ui/v1/icons/mail/images/cleardot.gif?zx=qndy395ydsj7:0
[-28914190ms] [ERROR] Failed to load resource: net::ERR_CONNECTION_TIMED_OUT @ https://mail.google.com/sync/u/0/i/s?hl=en-GB&c=111&rt=r&pt=ji:0
[-28904552ms] [ERROR] Failed to load resource: net::ERR_CONNECTION_TIMED_OUT @ https://ssl.gstatic.com/ui/v1/icons/mail/images/cleardot.gif?zx=hly5gky8nlaj:0
[-28889556ms] [ERROR] Failed to load resource: net::ERR_CONNECTION_TIMED_OUT @ https://ssl.gstatic.com/ui/v1/icons/mail/images/cleardot.gif?zx=d0muwj14qlfe:0
[-28872567ms] [ERROR] Failed to load resource: net::ERR_CONNECTION_TIMED_OUT @ https://ssl.gstatic.com/ui/v1/icons/mail/images/cleardot.gif?zx=rigbzt99i1sk:0
[-28872074ms] [ERROR] Failed to load resource: net::ERR_CONNECTION_TIMED_OUT @ https://www.google.com/images/cleardot.gif?zx=yvnmxzrtvyox:0
[-28857568ms] [ERROR] Failed to load resource: net::ERR_CONNECTION_TIMED_OUT @ https://ssl.gstatic.com/ui/v1/icons/mail/images/cleardot.gif?zx=7ju1ffea8d1z:0
[-28851731ms] [ERROR] Failed to load resource: net::ERR_CONNECTION_TIMED_OUT @ https://mail.google.com/sync/u/0/i/s?hl=en-GB&c=112&rt=r&pt=ji:0
[-28840571ms] [ERROR] Failed to load resource: net::ERR_CONNECTION_TIMED_OUT @ https://ssl.gstatic.com/ui/v1/icons/mail/images/cleardot.gif?zx=t51j4rgabdpu:0
[-28825559ms] [ERROR] Failed to load resource: net::ERR_CONNECTION_TIMED_OUT @ https://ssl.gstatic.com/ui/v1/icons/mail/images/cleardot.gif?zx=hpfwcuuq3czb:0
[-28808561ms] [ERROR] Failed to load resource: net::ERR_CONNECTION_TIMED_OUT @ https://ssl.gstatic.com/ui/v1/icons/mail/images/cleardot.gif?zx=sq6a3wuikxru:0
[-28804786ms] [ERROR] Failed to load resource: net::ERR_CONNECTION_TIMED_OUT @ https://mail.google.com/sync/u/0/i/s?hl=en-GB&c=112&rt=r&pt=ji:0
[-28793562ms] [ERROR] Failed to load resource: net::ERR_CONNECTION_TIMED_OUT @ https://ssl.gstatic.com/ui/v1/icons/mail/images/cleardot.gif?zx=79r7h4lfsgxs:0
[-28783749ms] [ERROR] Failed to load resource: net::ERR_CONNECTION_TIMED_OUT @ https://play.google.com/log?format=json&hasfast=true&authuser=0:0
[-28776544ms] [ERROR] Failed to load resource: net::ERR_CONNECTION_TIMED_OUT @ https://ssl.gstatic.com/ui/v1/icons/mail/images/cleardot.gif?zx=9byztrj8of4k:0
[-28761572ms] [ERROR] Failed to load resource: net::ERR_CONNECTION_TIMED_OUT @ https://ssl.gstatic.com/ui/v1/icons/mail/images/cleardot.gif?zx=edw06tej78ku:0
[-28758538ms] [ERROR] Failed to load resource: net::ERR_CONNECTION_TIMED_OUT @ https://waa-pa.clients6.google.com/$rpc/google.internal.waa.v1.Waa/Ping:0
[-28744579ms] [ERROR] Failed to load resource: net::ERR_CONNECTION_TIMED_OUT @ https://ssl.gstatic.com/ui/v1/icons/mail/images/cleardot.gif?zx=3kgyrsa072vu:0
[-28737204ms] [ERROR] Failed to load resource: net::ERR_CONNECTION_TIMED_OUT @ https://mail.google.com/sync/u/0/i/s?hl=en-GB&c=112&rt=r&pt=ji:0
[-28736936ms] [ERROR] Failed to load resource: net::ERR_CONNECTION_TIMED_OUT @ https://mail.google.com/sync/u/0/i/bv?hl=en-GB&c=113&rt=r&pt=ji:0
[-28729576ms] [ERROR] Failed to load resource: net::ERR_CONNECTION_TIMED_OUT @ https://ssl.gstatic.com/ui/v1/icons/mail/images/cleardot.gif?zx=lham7urk9cf:0
[-28716132ms] [ERROR] Failed to load resource: net::ERR_CONNECTION_TIMED_OUT @ https://play.google.com/log?format=json&hasfast=true&authuser=0:0
[-28715873ms] [ERROR] Failed to load resource: net::ERR_CONNECTION_TIMED_OUT @ https://play.google.com/log?format=json&hasfast=true&authuser=0:0
[-28715837ms] [ERROR] Failed to load resource: net::ERR_CONNECTION_TIMED_OUT @ https://play.google.com/log?format=json&hasfast=true&authuser=0:0
[-28712573ms] [ERROR] Failed to load resource: net::ERR_CONNECTION_TIMED_OUT @ https://ssl.gstatic.com/ui/v1/icons/mail/images/cleardot.gif?zx=eei68jk1zfa5:0
[-28697587ms] [ERROR] Failed to load resource: net::ERR_CONNECTION_TIMED_OUT @ https://ssl.gstatic.com/ui/v1/icons/mail/images/cleardot.gif?zx=9qz3f0dcwn2y:0
[-28695090ms] [ERROR] Failed to load resource: net::ERR_CONNECTION_TIMED_OUT @ https://www.google.com/images/cleardot.gif?zx=fgzeizheywvh:0
[-28680562ms] [ERROR] Failed to load resource: net::ERR_CONNECTION_TIMED_OUT @ https://ssl.gstatic.com/ui/v1/icons/mail/images/cleardot.gif?zx=wi1mbg3kvd:0
[-28674504ms] [ERROR] Failed to load resource: net::ERR_CONNECTION_TIMED_OUT @ https://mail.google.com/sync/u/0/i/bv?hl=en-GB&c=113&rt=r&pt=ji:0
[-28671805ms] [ERROR] Failed to load resource: net::ERR_CONNECTION_TIMED_OUT @ https://waa-pa.googleapis.com/$rpc/google.internal.waa.v1.Waa/Ping:0
[-28665584ms] [ERROR] Failed to load resource: net::ERR_CONNECTION_TIMED_OUT @ https://ssl.gstatic.com/ui/v1/icons/mail/images/cleardot.gif?zx=vgdkd7x3c27p:0
[-28652410ms] [ERROR] Failed to load resource: net::ERR_CONNECTION_TIMED_OUT @ https://play.google.com/log?hasfast=true&auth=SAPISIDHASH+2c49bb6fa7d1451482fa4081b3e87fbec605b49c+SAPISID1PHASH+2c49bb6fa7d1451482fa4081b3e87fbec605b49c+SAPISID3PHASH+2c49bb6fa7d1451482fa4081b3e87fbec605b49c&authuser=0&format=json:0
[-28648560ms] [ERROR] Failed to load resource: net::ERR_CONNECTION_TIMED_OUT @ https://ssl.gstatic.com/ui/v1/icons/mail/images/cleardot.gif?zx=x5j32u94tw3l:0
[-28633557ms] [ERROR] Failed to load resource: net::ERR_CONNECTION_TIMED_OUT @ https://ssl.gstatic.com/ui/v1/icons/mail/images/cleardot.gif?zx=gkjn7rc7a85s:0
[-28616555ms] [ERROR] Failed to load resource: net::ERR_CONNECTION_TIMED_OUT @ https://ssl.gstatic.com/ui/v1/icons/mail/images/cleardot.gif?zx=rv6jydj8vr1r:0
[-28606164ms] [ERROR] Failed to load resource: net::ERR_CONNECTION_TIMED_OUT @ https://mail.google.com/sync/u/0/i/bv?hl=en-GB&c=113&rt=r&pt=ji:0
[-28601566ms] [ERROR] Failed to load resource: net::ERR_CONNECTION_TIMED_OUT @ https://ssl.gstatic.com/ui/v1/icons/mail/images/cleardot.gif?zx=34rnq8z15176:0
[-28584567ms] [ERROR] Failed to load resource: net::ERR_CONNECTION_TIMED_OUT @ https://ssl.gstatic.com/ui/v1/icons/mail/images/cleardot.gif?zx=1suwjkq94bq9:0
[-28569587ms] [ERROR] Failed to load resource: net::ERR_CONNECTION_TIMED_OUT @ https://ssl.gstatic.com/ui/v1/icons/mail/images/cleardot.gif?zx=xe244uv44eht:0
[-28552589ms] [ERROR] Failed to load resource: net::ERR_CONNECTION_TIMED_OUT @ https://ssl.gstatic.com/ui/v1/icons/mail/images/cleardot.gif?zx=r4e3wzz0sq8j:0
[-28537574ms] [ERROR] Failed to load resource: net::ERR_CONNECTION_TIMED_OUT @ https://ssl.gstatic.com/ui/v1/icons/mail/images/cleardot.gif?zx=vybfmz855hng:0
[-28520552ms] [ERROR] Failed to load resource: net::ERR_CONNECTION_TIMED_OUT @ https://ssl.gstatic.com/ui/v1/icons/mail/images/cleardot.gif?zx=df20vs7rytc:0
[-28512064ms] [ERROR] Failed to load resource: net::ERR_CONNECTION_TIMED_OUT @ https://www.google.com/images/cleardot.gif?zx=a1y26vnxdn01:0
[-28507176ms] [ERROR] Failed to load resource: net::ERR_CONNECTION_TIMED_OUT @ https://mail.google.com/sync/u/0/i/s?hl=en-GB&c=114&rt=r&pt=ji:0
[-28505572ms] [ERROR] Failed to load resource: net::ERR_CONNECTION_TIMED_OUT @ https://ssl.gstatic.com/ui/v1/icons/mail/images/cleardot.gif?zx=ngq1zmpp9zx5:0
[-28488545ms] [ERROR] Failed to load resource: net::ERR_CONNECTION_TIMED_OUT @ https://ssl.gstatic.com/ui/v1/icons/mail/images/cleardot.gif?zx=9ae8ic29xut0:0
[-28473575ms] [ERROR] Failed to load resource: net::ERR_CONNECTION_TIMED_OUT @ https://ssl.gstatic.com/ui/v1/icons/mail/images/cleardot.gif?zx=3kkqa96m3409:0
[-28466099ms] [ERROR] Failed to load resource: net::ERR_CONNECTION_TIMED_OUT @ https://signaler-pa.clients6.google.com/punctual/v1/chooseServer?key=AIzaSyCIMH2ks6VPAfRC2lqU_Snz1Lo76XGdnlc:0
[-28466098ms] [ERROR] Failed to load resource: net::ERR_CONNECTION_TIMED_OUT @ https://waa-pa.clients6.google.com/$rpc/google.internal.waa.v1.Waa/Ping:0
[-28456562ms] [ERROR] Failed to load resource: net::ERR_CONNECTION_TIMED_OUT @ https://ssl.gstatic.com/ui/v1/icons/mail/images/cleardot.gif?zx=dj79mcnidyii:0
[-28444726ms] [ERROR] Failed to load resource: net::ERR_CONNECTION_TIMED_OUT @ https://mail.google.com/sync/u/0/i/s?hl=en-GB&c=114&rt=r&pt=ji:0
[-28441576ms] [ERROR] Failed to load resource: net::ERR_CONNECTION_TIMED_OUT @ https://ssl.gstatic.com/ui/v1/icons/mail/images/cleardot.gif?zx=xr3h8rbvjbgo:0
[-28424569ms] [ERROR] Failed to load resource: net::ERR_CONNECTION_TIMED_OUT @ https://ssl.gstatic.com/ui/v1/icons/mail/images/cleardot.gif?zx=or99jaan4hc0:0
[-28423676ms] [ERROR] Failed to load resource: net::ERR_CONNECTION_TIMED_OUT @ https://play.google.com/log?format=json&hasfast=true&authuser=0:0
[-28423449ms] [ERROR] Failed to load resource: net::ERR_CONNECTION_TIMED_OUT @ https://play.google.com/log?format=json&hasfast=true&authuser=0:0
[-28409555ms] [ERROR] Failed to load resource: net::ERR_CONNECTION_TIMED_OUT @ https://ssl.gstatic.com/ui/v1/icons/mail/images/cleardot.gif?zx=wayo8v431fy:0
[-28392543ms] [ERROR] Failed to load resource: net::ERR_CONNECTION_TIMED_OUT @ https://ssl.gstatic.com/ui/v1/icons/mail/images/cleardot.gif?zx=twt4icniq1ik:0
[-28379772ms] [ERROR] Failed to load resource: net::ERR_CONNECTION_TIMED_OUT @ https://waa-pa.googleapis.com/$rpc/google.internal.waa.v1.Waa/Ping:0
[-28377560ms] [ERROR] Failed to load resource: net::ERR_CONNECTION_TIMED_OUT @ https://ssl.gstatic.com/ui/v1/icons/mail/images/cleardot.gif?zx=ip14pvmk9quj:0
[-28377184ms] [ERROR] Failed to load resource: net::ERR_CONNECTION_TIMED_OUT @ https://mail.google.com/sync/u/0/i/s?hl=en-GB&c=114&rt=r&pt=ji:0
[-28360583ms] [ERROR] Failed to load resource: net::ERR_CONNECTION_TIMED_OUT @ https://ssl.gstatic.com/ui/v1/icons/mail/images/cleardot.gif?zx=x9npyxhnc8zw:0
[-28355114ms] [ERROR] Failed to load resource: net::ERR_CONNECTION_TIMED_OUT @ https://play.google.com/log?hasfast=true&auth=SAPISIDHASH+2c49bb6fa7d1451482fa4081b3e87fbec605b49c+SAPISID1PHASH+2c49bb6fa7d1451482fa4081b3e87fbec605b49c+SAPISID3PHASH+2c49bb6fa7d1451482fa4081b3e87fbec605b49c&authuser=0&format=json:0
[-28345550ms] [ERROR] Failed to load resource: net::ERR_CONNECTION_TIMED_OUT @ https://ssl.gstatic.com/ui/v1/icons/mail/images/cleardot.gif?zx=bx6ow5p41ka4:0
[-28335084ms] [ERROR] Failed to load resource: net::ERR_CONNECTION_TIMED_OUT @ https://www.google.com/images/cleardot.gif?zx=6vihcbxvinp5:0
[-28328561ms] [ERROR] Failed to load resource: net::ERR_CONNECTION_TIMED_OUT @ https://ssl.gstatic.com/ui/v1/icons/mail/images/cleardot.gif?zx=uajzwztbhzbi:0
[-28314761ms] [ERROR] Failed to load resource: net::ERR_CONNECTION_TIMED_OUT @ https://mail.google.com/sync/u/0/i/s?hl=en-GB&c=115&rt=r&pt=ji:0
[-28313577ms] [ERROR] Failed to load resource: net::ERR_CONNECTION_TIMED_OUT @ https://ssl.gstatic.com/ui/v1/icons/mail/images/cleardot.gif?zx=o0v19qyc99kn:0
[-28296562ms] [ERROR] Failed to load resource: net::ERR_CONNECTION_TIMED_OUT @ https://ssl.gstatic.com/ui/v1/icons/mail/images/cleardot.gif?zx=qq0twbjg38cf:0
[-28281555ms] [ERROR] Failed to load resource: net::ERR_CONNECTION_TIMED_OUT @ https://ssl.gstatic.com/ui/v1/icons/mail/images/cleardot.gif?zx=bkm40wtald5o:0
[-28264566ms] [ERROR] Failed to load resource: net::ERR_CONNECTION_TIMED_OUT @ https://ssl.gstatic.com/ui/v1/icons/mail/images/cleardot.gif?zx=dbm446odjsh2:0
[-28252336ms] [ERROR] Failed to load resource: net::ERR_CONNECTION_TIMED_OUT @ https://mail.google.com/sync/u/0/i/s?hl=en-GB&c=115&rt=r&pt=ji:0
[-28249592ms] [ERROR] Failed to load resource: net::ERR_CONNECTION_TIMED_OUT @ https://ssl.gstatic.com/ui/v1/icons/mail/images/cleardot.gif?zx=j5trcmkdm9j3:0
[-28232562ms] [ERROR] Failed to load resource: net::ERR_CONNECTION_TIMED_OUT @ https://ssl.gstatic.com/ui/v1/icons/mail/images/cleardot.gif?zx=1v93kjsp1r76:0
[-28217601ms] [ERROR] Failed to load resource: net::ERR_QUIC_PROTOCOL_ERROR.QUIC_NETWORK_IDLE_TIMEOUT @ https://ssl.gstatic.com/ui/v1/icons/mail/images/cleardot.gif?zx=xzwtczjmdiaq:0
[-28203777ms] [ERROR] Failed to load resource: net::ERR_CONNECTION_TIMED_OUT @ https://mail.google.com/sync/u/0/i/s?hl=en-GB&c=115&rt=r&pt=ji:0
[-28200537ms] [ERROR] Failed to load resource: net::ERR_CONNECTION_TIMED_OUT @ https://ssl.gstatic.com/ui/v1/icons/mail/images/cleardot.gif?zx=zg2mw5s1by2j:0
[-28185576ms] [ERROR] Failed to load resource: net::ERR_CONNECTION_TIMED_OUT @ https://ssl.gstatic.com/ui/v1/icons/mail/images/cleardot.gif?zx=pqeklj41amri:0
[-28168559ms] [ERROR] Failed to load resource: net::ERR_CONNECTION_TIMED_OUT @ https://ssl.gstatic.com/ui/v1/icons/mail/images/cleardot.gif?zx=3vzw8d87xxxw:0
[-28162677ms] [ERROR] Failed to load resource: net::ERR_CONNECTION_TIMED_OUT @ https://appsgenaiserver-pa.clients6.google.com/v1/genai/quotaSummary?alt=protojson&key=AIzaSyCDPcz68z1ZGJA8IVimM9m5AvP64-gbfiA:0
[-28162629ms] [ERROR] Failed to load resource: net::ERR_CONNECTION_TIMED_OUT @ https://www.google.com/images/cleardot.gif?zx=lst3uxyhhtpk:0
[-28162081ms] [ERROR] Failed to load resource: net::ERR_CONNECTION_TIMED_OUT @ https://play.google.com/log?format=json&hasfast=true&authuser=0:0
[-28153573ms] [ERROR] Failed to load resource: net::ERR_CONNECTION_TIMED_OUT @ https://ssl.gstatic.com/ui/v1/icons/mail/images/cleardot.gif?zx=xh87jjocknas:0
[-28136550ms] [ERROR] Failed to load resource: net::ERR_CONNECTION_TIMED_OUT @ https://ssl.gstatic.com/ui/v1/icons/mail/images/cleardot.gif?zx=wzlvxjoa86bg:0
[-28121570ms] [ERROR] Failed to load resource: net::ERR_CONNECTION_TIMED_OUT @ https://ssl.gstatic.com/ui/v1/icons/mail/images/cleardot.gif?zx=4eh963tjy6w6:0
[-28104570ms] [ERROR] Failed to load resource: net::ERR_CONNECTION_TIMED_OUT @ https://ssl.gstatic.com/ui/v1/icons/mail/images/cleardot.gif?zx=a96oykjjoi49:0
[-28103538ms] [ERROR] Failed to load resource: net::ERR_CONNECTION_TIMED_OUT @ https://waa-pa.clients6.google.com/$rpc/google.internal.waa.v1.Waa/Ping:0
[-28089548ms] [ERROR] Failed to load resource: net::ERR_CONNECTION_TIMED_OUT @ https://ssl.gstatic.com/ui/v1/icons/mail/images/cleardot.gif?zx=lw8j0jlat2vp:0
[-28072568ms] [ERROR] Failed to load resource: net::ERR_CONNECTION_TIMED_OUT @ https://ssl.gstatic.com/ui/v1/icons/mail/images/cleardot.gif?zx=e6ldj7p7of4:0
[-28061155ms] [ERROR] Failed to load resource: net::ERR_CONNECTION_TIMED_OUT @ https://play.google.com/log?format=json&hasfast=true&authuser=0:0
[-28060935ms] [ERROR] Failed to load resource: net::ERR_CONNECTION_TIMED_OUT @ https://play.google.com/log?format=json&hasfast=true&authuser=0:0
[-28060824ms] [ERROR] Failed to load resource: net::ERR_CONNECTION_TIMED_OUT @ https://play.google.com/log?format=json&hasfast=true&authuser=0:0
[-28057576ms] [ERROR] Failed to load resource: net::ERR_CONNECTION_TIMED_OUT @ https://ssl.gstatic.com/ui/v1/icons/mail/images/cleardot.gif?zx=k9ju125v5fo5:0
[-28040565ms] [ERROR] Failed to load resource: net::ERR_CONNECTION_TIMED_OUT @ https://ssl.gstatic.com/ui/v1/icons/mail/images/cleardot.gif?zx=tleoxas0jtd1:0
[-28025558ms] [ERROR] Failed to load resource: net::ERR_CONNECTION_TIMED_OUT @ https://ssl.gstatic.com/ui/v1/icons/mail/images/cleardot.gif?zx=rf89viji029m:0
[-28021215ms] [ERROR] Failed to load resource: net::ERR_CONNECTION_TIMED_OUT @ https://mail.google.com/sync/u/0/i/s?hl=en-GB&c=116&rt=r&pt=ji:0
[-28016783ms] [ERROR] Failed to load resource: net::ERR_CONNECTION_TIMED_OUT @ https://waa-pa.googleapis.com/$rpc/google.internal.waa.v1.Waa/Ping:0
[-28008568ms] [ERROR] Failed to load resource: net::ERR_CONNECTION_TIMED_OUT @ https://ssl.gstatic.com/ui/v1/icons/mail/images/cleardot.gif?zx=l3r2q3wlopsk:0
[-27999111ms] [ERROR] Failed to load resource: net::ERR_CONNECTION_TIMED_OUT @ https://play.google.com/log?hasfast=true&auth=SAPISIDHASH+2c49bb6fa7d1451482fa4081b3e87fbec605b49c+SAPISID1PHASH+2c49bb6fa7d1451482fa4081b3e87fbec605b49c+SAPISID3PHASH+2c49bb6fa7d1451482fa4081b3e87fbec605b49c&authuser=0&format=json:0
[-27993560ms] [ERROR] Failed to load resource: net::ERR_CONNECTION_TIMED_OUT @ https://ssl.gstatic.com/ui/v1/icons/mail/images/cleardot.gif?zx=szz2prchnjyg:0
[-27979118ms] [ERROR] Failed to load resource: net::ERR_CONNECTION_TIMED_OUT @ https://www.google.com/images/cleardot.gif?zx=f0ppwpqsaku9:0
[-27976566ms] [ERROR] Failed to load resource: net::ERR_CONNECTION_TIMED_OUT @ https://ssl.gstatic.com/ui/v1/icons/mail/images/cleardot.gif?zx=1cnuncvgzgna:0
[-27961587ms] [ERROR] Failed to load resource: net::ERR_CONNECTION_TIMED_OUT @ https://ssl.gstatic.com/ui/v1/icons/mail/images/cleardot.gif?zx=oc6b2gtihsua:0
[-27958781ms] [ERROR] Failed to load resource: net::ERR_CONNECTION_TIMED_OUT @ https://mail.google.com/sync/u/0/i/s?hl=en-GB&c=116&rt=r&pt=ji:0
[-23264448ms] [ERROR] Failed to load resource: net::ERR_QUIC_PROTOCOL_ERROR.QUIC_PACKET_WRITE_ERROR @ https://signaler-pa.clients6.google.com/punctual/multi-watch/channel?VER=8&gsessionid=HbXS9szqzuRJ1Q7E4_c7AV_GB_jOTlRQsFn-pglzDTY&key=AIzaSyCIMH2ks6VPAfRC2lqU_Snz1Lo76XGdnlc&RID=rpc&SID=ws2ss1Rai26wTGCjNVK5Zg&AID=29&CI=0&TYPE=xmlhttp&zx=pfm15opvvwzl&t=1:0
[-19239932ms] [ERROR] Failed to load resource: the server responded with a status of 400 () @ https://signaler-pa.clients6.google.com/punctual/multi-watch/channel?VER=8&gsessionid=HbXS9szqzuRJ1Q7E4_c7AV_GB_jOTlRQsFn-pglzDTY&key=AIzaSyCIMH2ks6VPAfRC2lqU_Snz1Lo76XGdnlc&RID=rpc&SID=ws2ss1Rai26wTGCjNVK5Zg&AID=35&CI=0&TYPE=xmlhttp&zx=o6hsdxn5m2p9&t=3:0
[-16083132ms] [ERROR] Failed to load resource: net::ERR_QUIC_PROTOCOL_ERROR.QUIC_PACKET_WRITE_ERROR @ https://signaler-pa.clients6.google.com/punctual/multi-watch/channel?VER=8&gsessionid=oPVfEClc5LmhVi8QupkqvxHUutvXoCjGNSSjVUvGBuU&key=AIzaSyCIMH2ks6VPAfRC2lqU_Snz1Lo76XGdnlc&RID=rpc&SID=TzIL2YZgL2li0pDMi7n7GA&AID=0&CI=0&TYPE=xmlhttp&zx=ehi9neax3l5g&t=1:0
[-15567934ms] [ERROR] Failed to load resource: the server responded with a status of 400 () @ https://signaler-pa.clients6.google.com/punctual/multi-watch/channel?VER=8&gsessionid=oPVfEClc5LmhVi8QupkqvxHUutvXoCjGNSSjVUvGBuU&key=AIzaSyCIMH2ks6VPAfRC2lqU_Snz1Lo76XGdnlc&RID=rpc&SID=TzIL2YZgL2li0pDMi7n7GA&AID=10&CI=0&TYPE=xmlhttp&zx=yznycqh3lz6h&t=3:0
[-33121564ms] [ERROR] Failed to load resource: net::ERR_CONNECTION_TIMED_OUT @ https://accounts.google.com/RotateCookies:0
[-31898558ms] [ERROR] Failed to load resource: net::ERR_CONNECTION_TIMED_OUT @ https://accounts.google.com/RotateCookies:0
[-29495563ms] [ERROR] Failed to load resource: net::ERR_CONNECTION_TIMED_OUT @ https://accounts.google.com/RotateCookies:0
